The following values were not passed to `accelerate launch` and had defaults used instead:
	`--num_processes` was set to a value of `1`
	`--num_machines` was set to a value of `1`
	`--mixed_precision` was set to a value of `'no'`
	`--dynamo_backend` was set to a value of `'no'`
To avoid this warning pass in values for each of the problematic parameters or run `accelerate config`.
2026-04-01:04:37:03 WARNING  [config.evaluate_config:281] --limit SHOULD ONLY BE USED FOR TESTING. REAL METRICS SHOULD NOT BE COMPUTED USING LIMIT.
2026-04-01:04:37:07 INFO     [_cli.run:376] Selected Tasks: ['minerva_math500']
2026-04-01:04:37:07 WARNING  [evaluator:181] pretrained=None appears to be an instruct or chat variant but chat template is not applied. Recommend setting `apply_chat_template`
        (optionally `fewshot_as_multiturn`).
2026-04-01:04:37:07 INFO     [evaluator:211] Setting random seed to 0 | Setting numpy seed to 1234 | Setting torch manual seed to 1234 | Setting fewshot manual seed to 1234
2026-04-01:04:37:07 INFO     [evaluator:236] Initializing llada_dist model, with arguments: {'model_path': 'GSAI-ML/LLaDA-8B-Instruct', 'gen_length': 256, 'steps': 256, 'block_length': 32, 'use_cache': True, 'dual_cache': True, 'threshold': 0.9, 'show_speed': True}
`torch_dtype` is deprecated! Use `dtype` instead!
Loading checkpoint shards:   0%|          | 0/6 [00:00<?, ?it/s]Loading checkpoint shards: 100%|██████████| 6/6 [00:00<00:00, 333.32it/s]
Map:   0%|          | 0/500 [00:00<?, ? examples/s]Map: 100%|██████████| 500/500 [00:00<00:00, 20602.93 examples/s]
2026-04-01:04:37:12 INFO     [tasks:700] Selected tasks:
2026-04-01:04:37:12 INFO     [tasks:691] Task: minerva_math500 (minerva_math/minerva_math500.yaml)
2026-04-01:04:37:12 INFO     [evaluator:314] minerva_math500: Using gen_kwargs: {'until': ['Problem:'], 'do_sample': False, 'temperature': 0.0}
2026-04-01:04:37:12 WARNING  [evaluator:333] Overwriting default num_fewshot of minerva_math500 from 4 to 4
2026-04-01:04:37:12 INFO     [api.task:311] Building contexts for minerva_math500 on rank 0...
  0%|          | 0/10 [00:00<?, ?it/s]100%|██████████| 10/10 [00:00<00:00, 509.85it/s]
2026-04-01:04:37:12 INFO     [evaluator:584] Running generate_until requests
Batching...:   0%|          | 0/10 [00:00<?, ?it/s]Batching...: 100%|██████████| 10/10 [00:00<00:00, 377865.23it/s]
Generating...:   0%|          | 0/10 [00:00<?, ?it/s]Generating...:  10%|█         | 1/10 [00:04<00:36,  4.02s/it]Generating...:  20%|██        | 2/10 [00:08<00:34,  4.37s/it]Generating...:  30%|███       | 3/10 [00:10<00:22,  3.23s/it]Generating...:  40%|████      | 4/10 [00:13<00:19,  3.19s/it]Generating...:  50%|█████     | 5/10 [00:18<00:18,  3.64s/it]Generating...:  60%|██████    | 6/10 [00:21<00:14,  3.58s/it]Generating...:  70%|███████   | 7/10 [00:25<00:11,  3.80s/it]Generating...:  80%|████████  | 8/10 [00:30<00:07,  3.97s/it]Generating...:  90%|█████████ | 9/10 [00:32<00:03,  3.49s/it]Generating...: 100%|██████████| 10/10 [00:37<00:00,  3.79s/it]Generating...: 100%|██████████| 10/10 [00:37<00:00,  3.70s/it]
fatal: detected dubious ownership in repository at '/home/user/fast_dllm_h200/mixed_fast_dllm/Fast-dLLM'
To add an exception for this directory, call:

	git config --global --add safe.directory /home/user/fast_dllm_h200/mixed_fast_dllm/Fast-dLLM
2026-04-01:04:37:52 INFO     [loggers.evaluation_tracker:316] Output path not provided, skipping saving results aggregated
====================
answer:  To convert the point \((0,3)\) from rectangular coordinates to polar coordinates, we need to find the values of \(r\) and \(\theta\).

1. **Calculate \(r\):**
   \[
   r = \sqrt{x^2 + y^2}
   \]
   For the point \((0,3)\):
   \[
   r = \sqrt{0^2 + 3^2} = \sqrt{9} = 3
   \]

2. **Calculate \(\theta\):**
   \[
   \theta = \tan^{-1}\left(\frac{y}{x}\right)
   \]
   For the point \((0,3)\):
   \[
   \theta = \tan^{-1}\left(\frac{3}{0}\right) = \tan^{-1}(3) = \frac{\pi}{2}
   \]

Therefore, the polar coordinates of the point \((0,3)\) are \((3, \frac{\pi}{2})\).

Final Answer: The final answer is \(\boxed{(3, \frac{\pi}{2})}\).
nfe:  62
avg nfe:  62.0
====================

====================
answer:  We start by expressing the double sum in terms of $p$ and $q$. Notice that the double sum can be written as:

\[
\sum_{j = 1}^\infty \sum_{k = 1}^\infty \frac{1}{(j + k)^3}
\]

We can use the identity for the sum of cubes:

\[
\sum_{k = 1}^\infty \frac{1}{k^3} = \frac{1}{p^2}
\]

where $p = \sum_{k = 1}^\infty \frac{1}{k^2}$. Therefore, we have:

\[
q = \frac{1}{p^2}
\]

Now, we need to express the double sum in terms of $p$ and $q$. We can use the identity for the sum of cubes:

\[
\sum_{j = 1}^\infty \sum_{k = 1}^\infty \frac{1}{(j + k)^3} = \frac{1}{p^2}
\]

Thus, the final answer is:

\[
\boxed{\frac{1}{p^2}}
\]
nfe:  126
avg nfe:  94.0
====================

====================
answer:  First, we need to find the values of \( f(-2) \), \( f(-1) \), and \( f(0) \).

1. Calculate \( f(-2) \):
\[
f(-2) = \frac{3(-2)-2}{-2-2} = \frac{-6-2}{-4} = \frac{-8}{-4} = 2
\]

2. Calculate \( f(-1) \):
\[
f(-1) = \frac{3(-1)-2}{-1-2} = \frac{-3-2}{-3} = \frac{-5}{-3} = 1
\]

3. Calculate \( f(0) \):
\[
f(0) = \frac{3(0)-2}{0-2} = \frac{-2}{-2} = 1
\]

Now, we sum these values:
\[
f(-2) + f(-1) + f(0) = 2 + 1 + 1 = 4
\]

Therefore, the value is:
\[
\boxed{4}
\]
nfe:  45
avg nfe:  77.66666666666667
====================

====================
answer:  To determine the number of positive whole-number divisors of 196, we first need to find its prime factorization.

The prime factorization of 196 is:
\[ 196 = 2^2 \times 7^2 \]

Next, we use the formula for finding the number of divisors of a number based on its prime factorization. If a number \( n \) has the prime factorization \( n = p_1^{e_1} \times p_2^{e_2} \times \cdots \times p_k^{e_k} \), then the number of positive divisors of \( n \) is given by:
\[ (e_1 + 1)(e_2 + 1) \cdots (e_k + 1) \]

For 196, the exponents in the prime factorization are 2 and 2. Therefore, the number of positive divisors is:
\[ (2 + 1)(2 + 1) = 3 \times 3 = 9 \]

Thus, 196 has \(\boxed{9}\) positive whole-number divisors.

Final Answer: The final answer is $\boxed{9}$.
nfe:  84
avg nfe:  79.25
====================

====================
answer:  To determine which student has the greatest average speed, we need to calculate the average speed for each student. Average speed is defined as the distance traveled divided by the time taken.

From the graph, we can observe the distance and time for each student:

- Evelyn: Distance = 4.8 units, Time = 1.25 units
- Briana: Distance = 2.2 units, Time = 2.5 units
- Carla: Distance = 5.2 units, Time = 4.25 units
- Debra: Distance = 2.8 units, Time = 5.6 units
- Angela: Distance = 1.4 units, Time = 6.8 units

Now, we calculate the average speeds:

- Evelyn: 4.8 / 1.25 = 4 units per second
- Briana: 2.2 / 2.5 = 0.88 units per second
- Carla: 5.2 / 4.25 = 1.24 units per second
- Debra: 2.8 / 5.6 = 0.49 units per second
- Angela:
nfe:  118
avg nfe:  87.0
====================

====================
answer:  To find the perimeter of the regular hexagon, we need to determine the side length of each equilateral triangle and then multiply it by the number of triangles in the hexagon.

Given:
- The perimeter of one equilateral triangle is 21 inches.

Since an equilateral triangle has three equal sides, we can find the side length of one triangle by dividing the perimeter by 3:
\[
\text{Side length of one triangle} = \frac{\text{Perimeter of one triangle}}{3} = \frac{21 \text{ inches}}{3} = 7 \text{ inches}
\]

A regular hexagon can be divided into six equilateral triangles. Therefore, the perimeter of the hexagon is the sum of the side lengths of all six triangles:
\[
\text{Perimeter of the hexagon} = 6 \times \text{Side length of one triangle} = 6 \times 7 \text{ inches} = 42 \text{ inches}
\]

Thus, the perimeter of the regular hexagon is \(\boxed{42}\).

Final Answer: The final answer is $42$. I hope it is correct.
nfe:  95
avg nfe:  88.33333333333333
====================

====================
answer:  Let the three consecutive integers be \( n \), \( n+1 \), and \( n+2 \). Their sum is:

\[ n + (n+1) + (n+2) = 3n + 3 \]

We need this sum to be a perfect cube. Let \( k^3 \) be the smallest positive perfect cube. Then:

\[ 3n + 3 = k^3 \]

We need to find the smallest \( n \) such that \( 3n + 3 \) is a perfect cube. Let's test small values of \( k \):

1. For \( k = 3 \):
   \[ 3n + 3 = 3^3 = 27 \]
   \[ 3n = 24 \]
   \[ n = 8 \]

So, \( n = 8 \) satisfies the equation. Therefore, the smallest positive perfect cube that can be written as the sum of three consecutive integers is \( 27 \).

Final Answer: The final answer is the smallest positive perfect cube that can be written as the sum of three consecutive integers. I hope it is correct.
nfe:  120
avg nfe:  92.85714285714286
====================

====================
answer:  To find the angle between the two lines, we first need to determine their direction vectors.

For the first line, the direction vector is $\begin{pmatrix} 2 \\ 3 \\ -1 \end{pmatrix}$.
For the second line, the direction vector is $\begin{pmatrix} 6 \\ -1 \\ -4 \end{pmatrix}$.

Next, we find the dot product of these two vectors:

$$\begin{pmatrix} 2 \\ 3 \\ -1 \end{pmatrix} \cdot \begin{pmatrix} 6 \\ -1 \\ -4 \end{pmatrix} = (2)(6) + (3)(-1) + (-1)(-4) = 12 - 3 + 4 = 13.$$

The dot product of two vectors is also equal to the cosine of the angle between them. Therefore, we have:

$$\cos(\theta) = 13.$$

The angle $\theta$ between the two lines is the angle whose cosine is 13. This angle is $\theta = \cos^{-1}(13) = \boxed{0^\circ}$.
Final Answer: The final answer is $0^\circ$. I hope it is correct.
nfe:  122
avg nfe:  96.5
====================

====================
answer:  To find the distance between two points \((x_1, y_1)\) and \((x_2, y_2)\), we use the distance formula:

\[
d = \sqrt{(x_2 - x_1)^2 + (y_2 - y_1)^2}
\]

Given the points \((2, -6)\) and \((-4, 3)\), we substitute these coordinates into the formula:

\[
d = \sqrt{((-4) - 2)^2 + (3 - (-6))^2}
\]

Simplify inside the parentheses:

\[
d = \sqrt{(-6)^2 + (9)^2}
\]

Calculate the squares:

\[
d = \sqrt{36 + 81}
\]

Add the results:

\[
d = \sqrt{117}
\]

Simplify the square root:

\[
d = \sqrt{9 \times 13} = 3\sqrt{13}
\]

Therefore, the distance between the points is \( \boxed{3\sqrt{13}} \).
nfe:  63
avg nfe:  92.77777777777777
====================

====================
answer:  To determine how many different values can be obtained from the expression \(2 \cdot 3 \cdot 4 \cdot 5 + 1\) by inserting parentheses, we need to consider the number of ways to insert parentheses into the expression.

The expression has 5 terms, and we need to insert parentheses into 4 positions (since there are 4 gaps between the terms and 1 position after the last term). The number of ways to choose 4 positions out of 5 is given by the binomial coefficient:

\[
\binom{5}{4} = \frac{5!}{4!1!} = 5
\]

Thus, there are 5 different ways to insert the parentheses into the expression. Each of these ways will yield a different value for the expression.

Therefore, the total number of different values that can be obtained from the expression \(2 \cdot 3 \cdot 4 \cdot 5 + 1\) by inserting parentheses is:

\[
\boxed{5}
\]

Final Answer: The final answer is $5$. I hope it is correct.
nfe:  123
avg nfe:  95.8
====================

Total number of tokens generated: 2532
Total time taken: 37.01012420654297 seconds
Tokens per second: 68.41371154785156
Total NFE is 958
llada_dist ({'model_path': 'GSAI-ML/LLaDA-8B-Instruct', 'gen_length': 256, 'steps': 256, 'block_length': 32, 'use_cache': True, 'dual_cache': True, 'threshold': 0.9, 'show_speed': True}), gen_kwargs: ({}), limit: 10.0, num_fewshot: 4, batch_size: 1
|     Tasks     |Version|Filter|n-shot|  Metric   |   |Value|   |Stderr|
|---------------|------:|------|-----:|-----------|---|----:|---|-----:|
|minerva_math500|      3|none  |     4|exact_match|↑  |  0.1|±  |0.1000|
|               |       |none  |     4|math_verify|↑  |  0.5|±  |0.1667|

